      Step     Time          Energy         fmax
*Force-consistent energies used in optimization.
FIRE:    0 20:38:23  -156323.669396*       0.7421
FIRE:    1 20:42:42  -156323.669370*       0.7698
FIRE:    2 20:47:11  -156323.671521*       0.4292
FIRE:    3 20:51:16  -156323.672205*       0.2128
FIRE:    4 20:54:26  -156323.672283*       0.2374
FIRE:    5 20:57:34  -156323.672402*       0.1901
FIRE:    6 21:01:13  -156323.672535*       0.1429
FIRE:    7 21:03:58  -156323.672664*       0.1152
FIRE:    8 21:06:59  -156323.672777*       0.1160
FIRE:    9 21:09:58  -156323.672900*       0.1500
FIRE:   10 21:13:24  -156323.673027*       0.1536
FIRE:   11 21:16:33  -156323.673247*       0.1495
FIRE:   12 21:20:03  -156323.673486*       0.1007
FIRE:   13 21:25:53  -156323.673796*       0.1169
FIRE:   14 21:31:13  -156323.674068*       0.1344
FIRE:   15 21:35:36  -156323.674377*       0.1660
FIRE:   16 21:42:17  -156323.674776*       0.1589
FIRE:   17 21:47:14  -156323.675229*       0.0958
FIRE:   18 21:55:12  -156323.675700*       0.1355
FIRE:   19 22:01:10  -156323.676274*       0.1250
FIRE:   20 22:08:08  -156323.676942*       0.1383
FIRE:   21 22:15:56  -156323.677720*       0.1412
FIRE:   22 22:20:27  -156323.678667*       0.1334
FIRE:   23 22:26:37  -156323.679730*       0.1170
FIRE:   24 22:33:02  -156323.680901*       0.1576
FIRE:   25 22:40:13  -156323.682287*       0.1400
FIRE:   26 22:47:23  -156323.683770*       0.1582
FIRE:   27 22:54:42  -156323.685412*       0.1147
FIRE:   28 23:00:57  -156323.686976*       0.2736
FIRE:   29 23:09:46  -156323.685575*       0.8349
FIRE:   30 23:13:33  -156323.688970*       0.1315
FIRE:   31 23:15:58  -156323.688997*       0.0939
FIRE:   32 23:19:43  -156323.689039*       0.0778
FIRE:   33 23:22:10  -156323.689070*       0.0582
FIRE:   34 23:25:52  -156323.689090*       0.0912
FIRE:   35 23:29:21  -156323.689123*       0.0963
FIRE:   36 23:32:18  -156323.689187*       0.0844
FIRE:   37 23:37:51  -156323.689256*       0.0692
FIRE:   38 23:42:11  -156323.689332*       0.0724
FIRE:   39 23:45:55  -156323.689413*       0.1158
FIRE:   40 23:50:31  -156323.689529*       0.1011
FIRE:   41 23:56:53  -156323.689683*       0.0798
FIRE:   42 00:01:27  -156323.689862*       0.0917
FIRE:   43 00:06:09  -156323.690106*       0.0618
FIRE:   44 00:10:03  -156323.690364*       0.1139
FIRE:   45 00:16:16  -156323.690740*       0.0544
FIRE:   46 00:20:55  -156323.691111*       0.0867
FIRE:   47 00:26:50  -156323.691623*       0.0796
FIRE:   48 00:31:29  -156323.692249*       0.1001
FIRE:   49 00:37:38  -156323.692832*       0.2073
FIRE:   50 00:42:17  -156323.693291*       0.3167
FIRE:   51 00:46:04  -156323.693785*       0.1079
FIRE:   52 00:50:55  -156323.693506*       0.2948
FIRE:   53 00:54:51  -156323.693639*       0.2390
FIRE:   54 00:59:24  -156323.693800*       0.1373
FIRE:   55 01:02:55  -156323.693882*       0.0887
FIRE:   56 01:06:57  -156323.693854*       0.1709
FIRE:   57 01:10:05  -156323.693852*       0.1090
FIRE:   58 01:12:49  -156323.693878*       0.1420
FIRE:   59 01:15:43  -156323.693893*       0.0549
FIRE:   60 01:19:09  -156323.693918*       0.1193
FIRE:   61 01:21:46  -156323.693935*       0.0980
FIRE:   62 01:26:06  -156323.693950*       0.0812
FIRE:   63 01:29:30  -156323.693965*       0.0538
FIRE:   64 01:32:11  -156323.693977*       0.0750
FIRE:   65 01:35:26  -156323.693989*       0.0979
FIRE:   66 01:38:40  -156323.694009*       0.1088
FIRE:   67 01:41:22  -156323.694037*       0.1109
FIRE:   68 01:44:49  -156323.694085*       0.0978
FIRE:   69 01:48:03  -156323.694134*       0.1129
FIRE:   70 01:51:42  -156323.694200*       0.0621
FIRE:   71 01:54:43  -156323.694267*       0.0882
FIRE:   72 01:58:01  -156323.694344*       0.1051
FIRE:   73 02:01:11  -156323.694459*       0.0817
FIRE:   74 02:05:31  -156323.694589*       0.0678
FIRE:   75 02:12:21  -156323.694745*       0.0807
FIRE:   76 02:16:46  -156323.694937*       0.0676
FIRE:   77 02:22:10  -156323.695159*       0.0603
FIRE:   78 02:27:57  -156323.695426*       0.0805
FIRE:   79 02:32:18  -156323.695799*       0.0633
FIRE:   80 02:36:30  -156323.696230*       0.0803
FIRE:   81 02:42:25  -156323.696780*       0.1051
FIRE:   82 02:47:48  -156323.697471*       0.0928
FIRE:   83 02:52:29  -156323.698323*       0.1209
FIRE:   84 02:58:02  -156323.699321*       0.1011
FIRE:   85 03:04:08  -156323.700494*       0.1921
FIRE:   86 03:09:07  -156323.701450*       0.3900
FIRE:   87 03:15:00  -156323.702192*       0.0792
FIRE:   88 03:18:55  -156323.701734*       0.3698
FIRE:   89 03:22:58  -156323.702004*       0.2864
FIRE:   90 03:27:27  -156323.702305*       0.1476
FIRE:   91 03:31:43  -156323.702368*       0.1237
FIRE:   92 03:36:17  -156323.702387*       0.1099
FIRE:   93 03:39:10  -156323.702392*       0.1093
FIRE:   94 03:41:24  -156323.702410*       0.0998
FIRE:   95 03:43:48  -156323.702407*       0.0567
FIRE:   96 03:46:41  -156323.702423*       0.1237
FIRE:   97 03:50:03  -156323.702428*       0.0639
FIRE:   98 03:52:02  -156323.702433*       0.1053
FIRE:   99 03:54:38  -156323.702421*       0.0596
FIRE:  100 03:58:53  -156323.702431*       0.0982
      Step     Time          Energy         fmax
*Force-consistent energies used in optimization.
FIRE:    0 09:25:27  -156323.702433*       0.0538
FIRE:    1 09:29:56  -156323.702492*       0.0822
FIRE:    2 09:37:03  -156323.702644*       0.0759
FIRE:    3 09:41:52  -156323.702902*       0.0669
FIRE:    4 09:46:10  -156323.703235*       0.0773
FIRE:    5 09:50:14  -156323.703668*       0.0912
FIRE:    6 09:55:30  -156323.704206*       0.0845
FIRE:    7 10:01:03  -156323.704811*       0.1045
FIRE:    8 10:06:44  -156323.705597*       0.1283
FIRE:    9 10:13:09  -156323.706357*       0.2604
FIRE:   10 10:19:28  -156323.706703*       0.4823
FIRE:   11 10:27:11  -156323.707793*       0.0934
FIRE:   12 10:30:54  -156323.707285*       0.4324
FIRE:   13 10:34:57  -156323.707584*       0.3127
FIRE:   14 10:39:09  -156323.707893*       0.1830
FIRE:   15 10:43:48  -156323.708024*       0.1048
FIRE:   16 10:46:00  -156323.708028*       0.0854
FIRE:   17 10:48:46  -156323.708036*       0.0934
FIRE:   18 10:51:12  -156323.708051*       0.0740
FIRE:   19 10:53:44  -156323.708062*       0.0827
FIRE:   20 10:56:43  -156323.708081*       0.0634
FIRE:   21 11:00:00  -156323.708105*       0.0851
FIRE:   22 11:02:32  -156323.708116*       0.0436
